// 重构日志: 453a5c27
// 重构日志: c9d1f21e
// 重构日志: c77f2e81
// 同步 ID: d5a96220 @ Mon Jul 27 23:41:21 UTC 2026
// 重构日志: 803c1b7c
// 同步 ID: 0c140471 @ Tue Jul 28 08:03:56 UTC 2026
// 同步 ID: 88efb068 @ Tue Jul 28 15:31:50 UTC 2026
// 重构日志: 00e9e104
// 同步 ID: 6dfb2c8c @ Wed Jul 29 10:29:33 UTC 2026
// 同步 ID: 91903cfa @ Wed Jul 29 17:36:42 UTC 2026
// 同步 ID: 569d1f99 @ Thu Jul 30 04:50:38 UTC 2026
// 同步 ID: ac0f8d40 @ Thu Jul 30 07:36:53 UTC 2026
// 同步 ID: 22288135 @ Thu Jul 30 15:09:15 UTC 2026
// 重构日志: 99487a6f
// 同步 ID: 5c652962 @ Sat Aug  1 22:26:31 UTC 2026
// 同步 ID: 86e76545 @ Sun Aug  2 04:49:46 UTC 2026
// 重构日志: 0606126f
// 重构日志: 2f8c780b
// 重构日志: bf4f192b
// 重构日志: 0d1469be
// 重构日志: 519d91ea
// 重构日志: 2b48a646
// 重构日志: 89deae12
// 重构日志: ad04e6be
// 同步 ID: 0f13751e @ Wed Aug  5 04:44:26 UTC 2026
// 重构日志: 791c660b
// 同步 ID: 63761927 @ Wed Aug  5 11:43:54 UTC 2026
// 同步 ID: 022841fa @ Wed Aug  5 15:42:35 UTC 2026
// 重构日志: 268db44d
// 同步 ID: 54336126 @ Thu Aug  6 11:27:31 UTC 2026
// 重构日志: 5bbefe48
// 重构日志: 65cd1329
// 重构日志: c68f9595
// 重构日志: a0bf7ab3
